C:\KONECTA\KONECTA_V2\.venv\Scripts\python.exe : INFO:     Will watch for changes in these directories: 
['C:\\KONECTA\\KONECTA_V2']
No linha:3 caractere:1
+ C:\KONECTA\KONECTA_V2\.venv\Scripts\python.exe -m uvicorn backend.mai ...
+ ~~~~~~~~~~~~~~~~~~~~~~~~~~~~~~~~~~~~~~~~~~~~~~~~~~~~~~~~~~~~~~~~~~~~~
    + CategoryInfo          : NotSpecified: (INFO:     Will ...A\\KONECTA_V2']:String) [], RemoteException
    + FullyQualifiedErrorId : NativeCommandError
 
INFO:     Uvicorn running on http://127.0.0.1:8000 (Press CTRL+C to quit)
INFO:     Started reloader process [30892] using WatchFiles
C:\KONECTA\KONECTA_V2\.venv\Lib\site-packages\sklearn\base.py:525: InconsistentVersionWarning: Trying to unpickle 
estimator DecisionTreeClassifier from version 1.5.2 when using version 1.9.0. This might lead to breaking code or 
invalid results. Use at your own risk. For more info please refer to:
https://scikit-learn.org/stable/model_persistence.html#security-maintainability-limitations
  warnings.warn(
C:\KONECTA\KONECTA_V2\.venv\Lib\site-packages\sklearn\base.py:525: InconsistentVersionWarning: Trying to unpickle 
estimator RandomForestClassifier from version 1.5.2 when using version 1.9.0. This might lead to breaking code or 
invalid results. Use at your own risk. For more info please refer to:
https://scikit-learn.org/stable/model_persistence.html#security-maintainability-limitations
  warnings.warn(
C:\KONECTA\KONECTA_V2\.venv\Lib\site-packages\sklearn\base.py:525: InconsistentVersionWarning: Trying to unpickle 
estimator LabelEncoder from version 1.5.2 when using version 1.9.0. This might lead to breaking code or invalid 
results. Use at your own risk. For more info please refer to:
https://scikit-learn.org/stable/model_persistence.html#security-maintainability-limitations
  warnings.warn(
INFO:     Started server process [24756]
INFO:     Waiting for application startup.
INFO:     Application startup complete.
✓ Modelo estático RF carregado: C:\KONECTA\OCR\modelos\modelo_estatico.pkl
✓ Encoder estático carregado: C:\KONECTA\OCR\modelos\encoder_estatico.pkl
✓ Normalização carregada: C:\KONECTA\OCR\modelos\variancia_pooled_estatica.pkl
INFO:     127.0.0.1:62729 - "GET /api/health HTTP/1.1" 200 OK
INFO:     127.0.0.1:62586 - "GET /api/health HTTP/1.1" 200 OK
INFO:     127.0.0.1:60899 - "GET /api/health HTTP/1.1" 200 OK
INFO:     127.0.0.1:55987 - "GET /api/health HTTP/1.1" 200 OK
